     1                                  
     2                                  
     3                                  	global main
     4                                  
     5                                  main:
     6                                  	
     7 00000000 BA0C000000              	mov edx, 12		
     8                                  				
     9                                  				
    10                                  				
    11 00000005 B9[17000000]            	mov ecx, hello
    12 0000000A BB01000000              	mov ebx, 1		
    13 0000000F B804000000              	mov eax, 4		
    14                                  				
    15                                  				
    16                                  				
    17 00000014 CD80                    	int 0x80		
    18 00000016 C3                      	ret
    19                                  
    20                                  hello:
    21 00000017 48656C6C6F2C20576F-     	db "Hello, World"
    22 00000020 726C64             
